// Jest Snapshot v1, https://goo.gl/fbAQLP

exports[`<Button /> should render the button and content 1`] = `
.c0 {
  background-color: transparent;
  color: var(--color-neutral-100);
  border: var(--2px) solid var(--color-primary);
  border-radius: var(--16px);
  padding: var(--16px) var(--24px);
  font-size: 1.25rem;
  font-weight: 600;
  cursor: pointer;
  transition: background-color 0.25s,color 0.5s;
  display: flex;
  justify-content: center;
  align-items: center;
}

.c0 p {
  display: flex;
  justify-content: center;
  align-items: center;
  vertical-align: middle;
}

.c0:hover,
.c0:focus {
  color: var(--color-neutral-900);
}

.c0.skeleton {
  min-width: 8rem;
}

.c0:hover,
.c0:focus {
  background-color: var(--color-primary);
}

<div>
  <button
    class="c0"
  >
    <p
      role="text"
    >
      Texto do bot√£o
    </p>
  </button>
</div>
`;
