// Jest Snapshot v1, https://goo.gl/fbAQLP

exports[`<Footer /> should render 1`] = `
.c0 {
  padding: 2rem;
}

.c0 span {
  color: red;
}

.c0 a {
  color: var(--color-primary);
}

.c0 a:hover {
  text-decoration: underline;
}

<div
  class="c0"
>
  <p>
    Feito com 
    <span>
      â™¥
    </span>
     por
     
    <a
      href="https://johnywalves.com.br/"
    >
      Johny W. Alves
    </a>
  </p>
</div>
`;
