// Jest Snapshot v1, https://goo.gl/fbAQLP

exports[`<NotFound /> should render the heading 1`] = `
.c0 {
  color: var(--color-primary);
}

<h1
  class="c0"
>
  Página não encontrada!
</h1>
`;
