// Jest Snapshot v1, https://goo.gl/fbAQLP

exports[`<Main /> should render the heading 1`] = `
.c0 {
  background-color: var(--color-background);
  color: var(--color-text);
  width: 100%;
  height: 100%;
  padding: var(--30px);
  text-align: center;
  display: -webkit-box;
  display: -webkit-flex;
  display: -ms-flexbox;
  display: flex;
  -webkit-flex-direction: column;
  -ms-flex-direction: column;
  flex-direction: column;
  -webkit-align-items: center;
  -webkit-box-align: center;
  -ms-flex-align: center;
  align-items: center;
  -webkit-box-pack: center;
  -webkit-justify-content: center;
  -ms-flex-pack: center;
  justify-content: center;
}

.c1 {
  width: var(--250px);
  margin-bottom: var(--20px);
}

.c2 {
  font-size: 2rem;
}

.c3 {
  font-size: 1.5rem;
  font-weight: 400;
}

.c4 {
  margin-top: var(--30px);
  width: min(var(--300px),100%);
}

<main
  class="c0"
>
  <img
    alt="Imagem de um átomo e React Avançado escrito ao lado."
    class="c1"
    src="/img/logo.svg"
  />
  <h1
    class="c2"
  >
    React Avançado
  </h1>
  <h2
    class="c3"
  >
    TypeScript, ReactJS, NextJS e Styled Components
  </h2>
  <img
    alt="Um desenvolvedor de frente para uma tela com código."
    class="c4"
    src="/img/hero-illustration.svg"
  />
</main>
`;
