// Jest Snapshot v1, https://goo.gl/fbAQLP

exports[`<Layout /> should render the heading 1`] = `
.c0 {
  background-color: var(--color-background);
  color: var(--color-text);
  width: 100%;
  min-height: 100%;
  padding: var(--30px);
  text-align: center;
  display: -webkit-box;
  display: -webkit-flex;
  display: -ms-flexbox;
  display: flex;
  -webkit-flex-direction: column;
  -ms-flex-direction: column;
  flex-direction: column;
  -webkit-align-items: center;
  -webkit-box-align: center;
  -ms-flex-align: center;
  align-items: center;
  -webkit-box-pack: center;
  -webkit-justify-content: center;
  -ms-flex-pack: center;
  justify-content: center;
  gap: var(--16px);
}

.c0 button {
  background-color: transparent;
  color: var(--color-text);
  border: 1px solid var(--color-primary);
  padding: var(--16px) var(--24px);
  font-size: 1.25rem;
  font-weight: 600;
  cursor: pointer;
  -webkit-transition: background-color 0.25s;
  transition: background-color 0.25s;
}

.c0 button:hover {
  background-color: var(--color-primary);
  color: var(--color-text);
}

<main
  class="c0"
>
  <h1>
    Layout
  </h1>
</main>
`;
